app/api/pdf/route.ts(11,25): error TS2345: Argument of type 'Buffer<ArrayBufferLike>' is not assignable to parameter of type 'BodyInit | null | undefined'.
  Type 'Buffer<ArrayBufferLike>' is missing the following properties from type 'URLSearchParams': size, append, delete, get, and 2 more.
app/api/pdf/route.ts(31,25): error TS2345: Argument of type 'Buffer<ArrayBufferLike>' is not assignable to parameter of type 'BodyInit | null | undefined'.
  Type 'Buffer<ArrayBufferLike>' is missing the following properties from type 'URLSearchParams': size, append, delete, get, and 2 more.
components/sanctum/sanctum.tsx(56,32): error TS2339: Property 'detail' does not exist on type '{ success: boolean; error: string; status: number; data?: undefined; } | { success: boolean; data: any; error?: undefined; status?: undefined; } | { success: boolean; error: string; status?: undefined; data?: undefined; }'.
  Property 'detail' does not exist on type '{ success: boolean; error: string; status: number; data?: undefined; }'.
components/sanctum/sanctum.tsx(56,62): error TS2339: Property 'detail' does not exist on type '{ success: boolean; error: string; status: number; data?: undefined; } | { success: boolean; data: any; error?: undefined; status?: undefined; } | { success: boolean; error: string; status?: undefined; data?: undefined; }'.
  Property 'detail' does not exist on type '{ success: boolean; error: string; status: number; data?: undefined; }'.
lib/models/user.ts(45,44): error TS2349: This expression is not callable.
  Type 'SaveOptions' has no call signatures.
lib/models/user.ts(47,3): error TS2349: This expression is not callable.
  Type 'SaveOptions' has no call signatures.
